== stage tracker
/home/user/Stabilisation_Pen/opt/touchdown/bo.py:166: UserWarning: The balance properties of Sobol' points require n to be a power of 2.
  return qmc.Sobol(d, scramble=True, seed=seed).random(n)
[  1] x0    band_ratio=0.8517 false_corr_um=6.788  x=g=2, f_gate=5.88, f_gate_w=2.1, a_lo=2.36e-05, a_hi=0.000133, cap_k=2.43, v_slow=0.0153, harm=0, lp_hz=36.2, wmax_hz=14.2  (29.04 s)
[  2] init  band_ratio=0.757 false_corr_um=33.81  x=g=2.67, f_gate=6.73, f_gate_w=1.77, a_lo=1.73e-05, a_hi=7.37e-05, cap_k=3.36, v_slow=0.0126, harm=0.389, lp_hz=30.3, wmax_hz=15.5  (3.23 s)
[  3] init  band_ratio=0.9033 false_corr_um=0.3801  x=g=1.9, f_gate=3.94, f_gate_w=3.54, a_lo=5.08e-05, a_hi=0.000628, cap_k=1.84, v_slow=0.0525, harm=0.95, lp_hz=63.6, wmax_hz=12.3  (2.98 s)
[  4] init  band_ratio=0.9772 false_corr_um=1.519  x=g=0.898, f_gate=5.85, f_gate_w=1.17, a_lo=1.04e-05, a_hi=0.000327, cap_k=1.27, v_slow=0.00647, harm=0.519, lp_hz=58.4, wmax_hz=13.6  (3.26 s)
[  5] init  band_ratio=0.7735 false_corr_um=1.61  x=g=2.29, f_gate=4.56, f_gate_w=2.94, a_lo=6.81e-05, a_hi=0.000153, cap_k=5.79, v_slow=0.0263, harm=0.0799, lp_hz=38.8, wmax_hz=14.7  (2.76 s)
[  6] init  band_ratio=0.8636 false_corr_um=37.15  x=g=1.91, f_gate=5.47, f_gate_w=3.58, a_lo=0.000146, a_hi=0.000129, cap_k=3.77, v_slow=0.00483, harm=0.674, lp_hz=51.9, wmax_hz=12.7  (3.08 s)
[  7] init  band_ratio=0.8976 false_corr_um=3.507  x=g=1.14, f_gate=4.24, f_gate_w=1.86, a_lo=6.01e-06, a_hi=0.000276, cap_k=2.25, v_slow=0.0181, harm=0.235, lp_hz=44.4, wmax_hz=15.5  (3.17 s)
[  8] init  band_ratio=0.9847 false_corr_um=0.578  x=g=1.52, f_gate=6.09, f_gate_w=2.44, a_lo=3.57e-05, a_hi=0.000525, cap_k=0.576, v_slow=0.00937, harm=0.297, lp_hz=22.1, wmax_hz=14.3  (3.24 s)
[  9] init  band_ratio=0.6775 false_corr_um=35.86  x=g=2.91, f_gate=3.37, f_gate_w=0.716, a_lo=1.99e-05, a_hi=6.17e-05, cap_k=5.1, v_slow=0.0361, harm=0.857, lp_hz=70.9, wmax_hz=13.4  (3.25 s)
[ 10] init  band_ratio=0.9459 false_corr_um=3.038  x=g=2.78, f_gate=5.56, f_gate_w=2.6, a_lo=6.78e-06, a_hi=0.000781, cap_k=5.34, v_slow=0.00474, harm=0.731, lp_hz=48.1, wmax_hz=15  (3.76 s)
[ 11] init  band_ratio=0.8833 false_corr_um=21.22  x=g=1.35, f_gate=4.78, f_gate_w=0.869, a_lo=0.000105, a_hi=9.16e-05, cap_k=0.815, v_slow=0.0185, harm=0.17, lp_hz=42.3, wmax_hz=13.8  (3.16 s)
[ 12] init  band_ratio=0.9247 false_corr_um=2.696  x=g=1.25, f_gate=6.93, f_gate_w=3.85, a_lo=2.63e-05, a_hi=0.000174, cap_k=2.12, v_slow=0.0092, harm=0.361, lp_hz=26.8, wmax_hz=12.1  (3.02 s)
[ 13] init  band_ratio=0.8271 false_corr_um=2.499  x=g=2.06, f_gate=3.66, f_gate_w=2.13, a_lo=3.35e-05, a_hi=0.000373, cap_k=3.64, v_slow=0.0368, harm=0.8, lp_hz=73.9, wmax_hz=15.1  (3.28 s)
[ 14] init  band_ratio=0.8121 false_corr_um=1.439  x=g=2.44, f_gate=6.25, f_gate_w=0.993, a_lo=5.59e-05, a_hi=0.000222, cap_k=4.81, v_slow=0.0134, harm=0.454, lp_hz=32.4, wmax_hz=13.2  (3.23 s)
[ 15] init  band_ratio=0.9527 false_corr_um=4.805  x=g=1.01, f_gate=3.04, f_gate_w=2.77, a_lo=1.27e-05, a_hi=0.000104, cap_k=0.288, v_slow=0.0493, harm=0.893, lp_hz=67.5, wmax_hz=14  (2.98 s)
[ 16] bo    band_ratio=0.7763 false_corr_um=3.148  x=g=2.26, f_gate=5.12, f_gate_w=2.21, a_lo=5.23e-05, a_hi=0.000187, cap_k=5.13, v_slow=0.0233, harm=0.14, lp_hz=36.5, wmax_hz=14.2  (3.09 s)
[ 17] bo    band_ratio=0.6927 false_corr_um=46.42  x=g=2.99, f_gate=5.05, f_gate_w=0.597, a_lo=2.66e-05, a_hi=5.52e-05, cap_k=4.93, v_slow=0.0311, harm=0.544, lp_hz=47.6, wmax_hz=15.1  (3.39 s)
[ 18] bo    band_ratio=0.6808 false_corr_um=45.58  x=g=3, f_gate=4.02, f_gate_w=1.63, a_lo=5.75e-06, a_hi=5.55e-05, cap_k=5.17, v_slow=0.028, harm=0.618, lp_hz=48.4, wmax_hz=13.2  (3.36 s)
[ 19] bo    band_ratio=0.7885 false_corr_um=0.8138  x=g=2.33, f_gate=4.54, f_gate_w=2.53, a_lo=8.47e-05, a_hi=0.000192, cap_k=5.82, v_slow=0.0255, harm=0.245, lp_hz=45.2, wmax_hz=14.7  (3.37 s)
[ 20] bo    band_ratio=0.8031 false_corr_um=3.171  x=g=1.95, f_gate=7, f_gate_w=3.27, a_lo=2.9e-05, a_hi=0.000237, cap_k=3.06, v_slow=0.0386, harm=0.388, lp_hz=31, wmax_hz=12.6  (3.27 s)
[ 21] bo    band_ratio=0.7793 false_corr_um=1.772  x=g=2.28, f_gate=5.71, f_gate_w=3.09, a_lo=6.1e-05, a_hi=0.00018, cap_k=5.46, v_slow=0.0325, harm=0.102, lp_hz=29.5, wmax_hz=13.7  (3.26 s)
[ 22] bo    band_ratio=0.8959 false_corr_um=3.324  x=g=0.8, f_gate=3, f_gate_w=4, a_lo=1.35e-05, a_hi=0.000175, cap_k=1.21, v_slow=0.06, harm=0.622, lp_hz=58.7, wmax_hz=14.5  (3.11 s)
[ 23] bo    band_ratio=0.8721 false_corr_um=0  x=g=2.23, f_gate=3.94, f_gate_w=1.41, a_lo=0.00015, a_hi=0.000176, cap_k=5.88, v_slow=0.0325, harm=0, lp_hz=33.9, wmax_hz=14.5  (3.31 s)
[ 24] bo    band_ratio=0.9394 false_corr_um=1.885  x=g=1.2, f_gate=7, f_gate_w=3.2, a_lo=1.77e-05, a_hi=0.000276, cap_k=2.38, v_slow=0.00985, harm=0.335, lp_hz=20, wmax_hz=12  (3.1 s)
[ 25] bo    band_ratio=0.6911 false_corr_um=26.57  x=g=2.67, f_gate=5.19, f_gate_w=3.08, a_lo=2.1e-05, a_hi=8.34e-05, cap_k=5.2, v_slow=0.0286, harm=0.623, lp_hz=57.6, wmax_hz=14.2  (3.26 s)
[ 26] bo    band_ratio=0.6972 false_corr_um=25.58  x=g=3, f_gate=3, f_gate_w=3.91, a_lo=2.31e-05, a_hi=8.13e-05, cap_k=4.97, v_slow=0.0264, harm=0.681, lp_hz=33.2, wmax_hz=14.1  (3.44 s)
[ 27] bo    band_ratio=0.7589 false_corr_um=6.798  x=g=2.3, f_gate=5.62, f_gate_w=3.38, a_lo=3.36e-05, a_hi=0.000182, cap_k=5.12, v_slow=0.0244, harm=0.181, lp_hz=38.4, wmax_hz=14  (3.14 s)
[ 28] bo    band_ratio=0.7499 false_corr_um=5.291  x=g=2.33, f_gate=4.82, f_gate_w=3.97, a_lo=5.47e-05, a_hi=0.000133, cap_k=5.15, v_slow=0.0226, harm=0.371, lp_hz=46.7, wmax_hz=14.1  (3.06 s)
[ 29] bo    band_ratio=0.7597 false_corr_um=3.713  x=g=2.47, f_gate=5, f_gate_w=4, a_lo=5.74e-05, a_hi=0.000166, cap_k=5.41, v_slow=0.0237, harm=0.255, lp_hz=54.2, wmax_hz=12.9  (3.33 s)
[ 30] bo    band_ratio=0.7838 false_corr_um=0.91  x=g=2.23, f_gate=5.78, f_gate_w=4, a_lo=8.91e-05, a_hi=0.000158, cap_k=5.3, v_slow=0.0241, harm=0.443, lp_hz=29.7, wmax_hz=14.1  (2.96 s)
[ 31] bo    band_ratio=0.7084 false_corr_um=14.27  x=g=2.44, f_gate=3, f_gate_w=4, a_lo=3.21e-05, a_hi=0.000115, cap_k=5.7, v_slow=0.028, harm=0.883, lp_hz=64.1, wmax_hz=14.7  (3.24 s)
[ 32] bo    band_ratio=0.6927 false_corr_um=35.73  x=g=2.8, f_gate=3, f_gate_w=4, a_lo=2.36e-05, a_hi=7.52e-05, cap_k=6, v_slow=0.018, harm=1, lp_hz=75, wmax_hz=16  (3.05 s)
[ 33] bo    band_ratio=0.7265 false_corr_um=7.83  x=g=2.41, f_gate=3, f_gate_w=4, a_lo=3.49e-05, a_hi=0.000152, cap_k=5.52, v_slow=0.0369, harm=0.899, lp_hz=55.4, wmax_hz=13.8  (3.85 s)
[ 34] bo    band_ratio=0.734 false_corr_um=5.774  x=g=2.82, f_gate=4.61, f_gate_w=4, a_lo=4.1e-05, a_hi=0.000172, cap_k=5.91, v_slow=0.0287, harm=0.697, lp_hz=49.7, wmax_hz=13.9  (2.92 s)
[ 35] bo    band_ratio=0.9308 false_corr_um=0  x=g=0.8, f_gate=7, f_gate_w=2.41, a_lo=0.00015, a_hi=0.000183, cap_k=0, v_slow=0.0249, harm=0.456, lp_hz=20, wmax_hz=12  (3.23 s)
[ 36] bo    band_ratio=0.7343 false_corr_um=7.709  x=g=2.23, f_gate=5.79, f_gate_w=4, a_lo=3.6e-05, a_hi=0.000154, cap_k=6, v_slow=0.0347, harm=1, lp_hz=75, wmax_hz=14.1  (3.71 s)
[ 37] bo    band_ratio=0.7619 false_corr_um=10.13  x=g=3, f_gate=7, f_gate_w=0.5, a_lo=5e-06, a_hi=0.000256, cap_k=6, v_slow=0.0344, harm=0.781, lp_hz=75, wmax_hz=12  (3.28 s)
[ 38] bo    band_ratio=0.6867 false_corr_um=57.15  x=g=3, f_gate=3.08, f_gate_w=4, a_lo=1.53e-05, a_hi=5.17e-05, cap_k=5.65, v_slow=0.0368, harm=0.809, lp_hz=48.6, wmax_hz=16  (3.26 s)
[ 39] bo    band_ratio=0.7267 false_corr_um=12.96  x=g=3, f_gate=3, f_gate_w=3.23, a_lo=2.08e-05, a_hi=0.000157, cap_k=5.66, v_slow=0.0377, harm=1, lp_hz=75, wmax_hz=12  (3.05 s)
[ 40] bo    band_ratio=0.741 false_corr_um=6.361  x=g=2.36, f_gate=3, f_gate_w=4, a_lo=3.61e-05, a_hi=0.000165, cap_k=6, v_slow=0.0292, harm=1, lp_hz=34.9, wmax_hz=13.6  (3.26 s)
[ 41] bo    band_ratio=0.8285 false_corr_um=4.392  x=g=3, f_gate=7, f_gate_w=0.5, a_lo=5e-06, a_hi=0.000602, cap_k=6, v_slow=0.06, harm=1, lp_hz=75, wmax_hz=13.1  (3.01 s)
[ 42] bo    band_ratio=0.7538 false_corr_um=4.323  x=g=2.85, f_gate=5.1, f_gate_w=4, a_lo=5.27e-05, a_hi=0.000166, cap_k=2.45, v_slow=0.0251, harm=0.833, lp_hz=52.3, wmax_hz=13.8  (3.09 s)
[ 43] bo    band_ratio=0.7614 false_corr_um=5.451  x=g=3, f_gate=7, f_gate_w=4, a_lo=4.33e-05, a_hi=0.000202, cap_k=6, v_slow=0.0212, harm=1, lp_hz=75, wmax_hz=14.1  (3.33 s)
[ 44] bo    band_ratio=0.9237 false_corr_um=0.4835  x=g=0.8, f_gate=7, f_gate_w=0.5, a_lo=4.63e-05, a_hi=0.000232, cap_k=0, v_slow=0.0307, harm=1, lp_hz=20, wmax_hz=12  (3.39 s)
[ 45] bo    band_ratio=0.8288 false_corr_um=3.323  x=g=3, f_gate=7, f_gate_w=4, a_lo=1.19e-05, a_hi=0.00039, cap_k=0, v_slow=0.06, harm=0, lp_hz=20, wmax_hz=12.9  (3.07 s)
[ 46] bo    band_ratio=0.6948 false_corr_um=38.8  x=g=3, f_gate=5.42, f_gate_w=0.825, a_lo=1.31e-05, a_hi=7.58e-05, cap_k=6, v_slow=0.028, harm=0.555, lp_hz=75, wmax_hz=14.8  (3.1 s)
[ 47] bo    band_ratio=0.723 false_corr_um=7.955  x=g=2.68, f_gate=3.16, f_gate_w=4, a_lo=3.61e-05, a_hi=0.000158, cap_k=5, v_slow=0.0414, harm=0.718, lp_hz=75, wmax_hz=14.1  (3.42 s)
[ 48] bo    band_ratio=0.6994 false_corr_um=20.41  x=g=2.87, f_gate=3.79, f_gate_w=3.11, a_lo=2.82e-05, a_hi=0.000107, cap_k=4.74, v_slow=0.0306, harm=0.922, lp_hz=66, wmax_hz=14.7  (3.31 s)
[ 49] bo    band_ratio=0.7331 false_corr_um=5.389  x=g=2.47, f_gate=3.65, f_gate_w=4, a_lo=4.09e-05, a_hi=0.000166, cap_k=6, v_slow=0.0345, harm=0.659, lp_hz=75, wmax_hz=14  (3.9 s)
[ 50] bo    band_ratio=0.7275 false_corr_um=23.69  x=g=3, f_gate=7, f_gate_w=4, a_lo=2.43e-05, a_hi=7.85e-05, cap_k=4.51, v_slow=0.03, harm=1, lp_hz=69.2, wmax_hz=12  (3.08 s)
[ 51] bo    band_ratio=0.7337 false_corr_um=7.068  x=g=2.6, f_gate=5.46, f_gate_w=4, a_lo=3.06e-05, a_hi=0.000189, cap_k=5.44, v_slow=0.06, harm=0.958, lp_hz=56.8, wmax_hz=13.8  (3.15 s)
== stage tracker done in 254.6 s
== stage grid
[   18.7 s]   B r_rot 0.3 seed 200 done (24 rows)
[   37.0 s]   B r_rot 0.3 seed 201 done (48 rows)
[   55.7 s]   B r_rot 0.3 seed 202 done (72 rows)
[   73.9 s]   B r_rot 0.3 seed 203 done (96 rows)
[   91.8 s]   B r_rot 0.5 seed 200 done (120 rows)
[  110.7 s]   B r_rot 0.5 seed 201 done (144 rows)
[  129.1 s]   B r_rot 0.5 seed 202 done (168 rows)
[  146.8 s]   B r_rot 0.5 seed 203 done (192 rows)
[  165.0 s]   B r_rot 0.7 seed 200 done (216 rows)
[  183.5 s]   B r_rot 0.7 seed 201 done (240 rows)
[  202.7 s]   B r_rot 0.7 seed 202 done (264 rows)
[  220.7 s]   B r_rot 0.7 seed 203 done (288 rows)
[  222.9 s] tracker ship done
[  238.1 s]   B r_rot 0.3 seed 200 done (24 rows)
[  253.9 s]   B r_rot 0.3 seed 201 done (48 rows)
[  270.0 s]   B r_rot 0.3 seed 202 done (72 rows)
[  286.2 s]   B r_rot 0.3 seed 203 done (96 rows)
[  302.2 s]   B r_rot 0.5 seed 200 done (120 rows)
[  318.1 s]   B r_rot 0.5 seed 201 done (144 rows)
[  334.3 s]   B r_rot 0.5 seed 202 done (168 rows)
[  350.9 s]   B r_rot 0.5 seed 203 done (192 rows)
[  367.2 s]   B r_rot 0.7 seed 200 done (216 rows)
[  383.3 s]   B r_rot 0.7 seed 201 done (240 rows)
[  400.5 s]   B r_rot 0.7 seed 202 done (264 rows)
[  416.5 s]   B r_rot 0.7 seed 203 done (288 rows)
[  418.8 s] tracker revh done
== stage grid done in 418.8 s
== stage sweep
[  16.1 s] sweep seed 300
[  32.6 s] sweep seed 301
[  50.2 s] sweep seed 302
[  66.8 s] sweep seed 303
== stage sweep done in 66.8 s
== stage addon
[   46.2 s] addon r_rot 0.3 seed 200 (17 rows)
[   92.8 s] addon r_rot 0.3 seed 201 (34 rows)
[  140.3 s] addon r_rot 0.3 seed 202 (51 rows)
