/home/user/Stabilisation_Pen/opt/touchdown/bo.py:166: UserWarning: The balance properties of Sobol' points require n to be a power of 2.
  return qmc.Sobol(d, scramble=True, seed=seed).random(n)
[  1] x0    band_ratio=0.8511 false_corr_um=7.068  x=g=2, f_gate=5.88, f_gate_w=2.1, a_lo=2.36e-05, a_hi=0.000133, cap_k=2.43, v_slow=0.0153, harm=0, lp_hz=36.2, wmax_hz=14.2  (26.57 s)
[  2] init  band_ratio=0.7511 false_corr_um=30.63  x=g=2.67, f_gate=6.73, f_gate_w=1.77, a_lo=1.73e-05, a_hi=7.37e-05, cap_k=3.36, v_slow=0.0126, harm=0.389, lp_hz=30.3, wmax_hz=15.5  (3.05 s)
[  3] init  band_ratio=0.9016 false_corr_um=0.4112  x=g=1.9, f_gate=3.94, f_gate_w=3.54, a_lo=5.08e-05, a_hi=0.000628, cap_k=1.84, v_slow=0.0525, harm=0.95, lp_hz=63.6, wmax_hz=12.3  (3.01 s)
[  4] init  band_ratio=0.9772 false_corr_um=1.796  x=g=0.898, f_gate=5.85, f_gate_w=1.17, a_lo=1.04e-05, a_hi=0.000327, cap_k=1.27, v_slow=0.00647, harm=0.519, lp_hz=58.4, wmax_hz=13.6  (3.09 s)
[  5] init  band_ratio=0.7704 false_corr_um=1.002  x=g=2.29, f_gate=4.56, f_gate_w=2.94, a_lo=6.81e-05, a_hi=0.000153, cap_k=5.79, v_slow=0.0263, harm=0.0799, lp_hz=38.8, wmax_hz=14.7  (3.23 s)
[  6] init  band_ratio=0.8666 false_corr_um=36.46  x=g=1.91, f_gate=5.47, f_gate_w=3.58, a_lo=0.000146, a_hi=0.000129, cap_k=3.77, v_slow=0.00483, harm=0.674, lp_hz=51.9, wmax_hz=12.7  (3.06 s)
[  7] init  band_ratio=0.8967 false_corr_um=3.822  x=g=1.14, f_gate=4.24, f_gate_w=1.86, a_lo=6.01e-06, a_hi=0.000276, cap_k=2.25, v_slow=0.0181, harm=0.235, lp_hz=44.4, wmax_hz=15.5  (3.15 s)
[  8] init  band_ratio=0.9843 false_corr_um=0.5763  x=g=1.52, f_gate=6.09, f_gate_w=2.44, a_lo=3.57e-05, a_hi=0.000525, cap_k=0.576, v_slow=0.00937, harm=0.297, lp_hz=22.1, wmax_hz=14.3  (3.23 s)
[  9] init  band_ratio=0.6753 false_corr_um=33.6  x=g=2.91, f_gate=3.37, f_gate_w=0.716, a_lo=1.99e-05, a_hi=6.17e-05, cap_k=5.1, v_slow=0.0361, harm=0.857, lp_hz=70.9, wmax_hz=13.4  (3.14 s)
[ 10] init  band_ratio=0.9469 false_corr_um=3.013  x=g=2.78, f_gate=5.56, f_gate_w=2.6, a_lo=6.78e-06, a_hi=0.000781, cap_k=5.34, v_slow=0.00474, harm=0.731, lp_hz=48.1, wmax_hz=15  (3.1 s)
[ 11] init  band_ratio=0.8827 false_corr_um=21.23  x=g=1.35, f_gate=4.78, f_gate_w=0.869, a_lo=0.000105, a_hi=9.16e-05, cap_k=0.815, v_slow=0.0185, harm=0.17, lp_hz=42.3, wmax_hz=13.8  (3.05 s)
[ 12] init  band_ratio=0.9235 false_corr_um=2.673  x=g=1.25, f_gate=6.93, f_gate_w=3.85, a_lo=2.63e-05, a_hi=0.000174, cap_k=2.12, v_slow=0.0092, harm=0.361, lp_hz=26.8, wmax_hz=12.1  (3.27 s)
[ 13] init  band_ratio=0.8236 false_corr_um=2.484  x=g=2.06, f_gate=3.66, f_gate_w=2.13, a_lo=3.35e-05, a_hi=0.000373, cap_k=3.64, v_slow=0.0368, harm=0.8, lp_hz=73.9, wmax_hz=15.1  (3.41 s)
[ 14] init  band_ratio=0.8036 false_corr_um=1.354  x=g=2.44, f_gate=6.25, f_gate_w=0.993, a_lo=5.59e-05, a_hi=0.000222, cap_k=4.81, v_slow=0.0134, harm=0.454, lp_hz=32.4, wmax_hz=13.2  (3.3 s)
[ 15] init  band_ratio=0.952 false_corr_um=4.57  x=g=1.01, f_gate=3.04, f_gate_w=2.77, a_lo=1.27e-05, a_hi=0.000104, cap_k=0.288, v_slow=0.0493, harm=0.893, lp_hz=67.5, wmax_hz=14  (3.15 s)
[ 16] bo    band_ratio=0.7728 false_corr_um=1.972  x=g=2.28, f_gate=5.14, f_gate_w=2.22, a_lo=5.33e-05, a_hi=0.000187, cap_k=5.2, v_slow=0.0228, harm=0.153, lp_hz=36.6, wmax_hz=14.2  (3.03 s)
[ 17] bo    band_ratio=0.6841 false_corr_um=44.51  x=g=2.99, f_gate=5.21, f_gate_w=0.587, a_lo=2.65e-05, a_hi=5.64e-05, cap_k=4.94, v_slow=0.0297, harm=0.571, lp_hz=46, wmax_hz=15.1  (3.05 s)
[ 18] bo    band_ratio=0.6809 false_corr_um=42.62  x=g=3, f_gate=4.01, f_gate_w=1.62, a_lo=6.22e-06, a_hi=5.82e-05, cap_k=5.11, v_slow=0.0273, harm=0.589, lp_hz=49.1, wmax_hz=13.2  (3.0 s)
[ 19] bo    band_ratio=0.7574 false_corr_um=2.218  x=g=2.3, f_gate=4.61, f_gate_w=2, a_lo=5.65e-05, a_hi=0.000171, cap_k=5.07, v_slow=0.0309, harm=0.302, lp_hz=47.1, wmax_hz=14.8  (3.0 s)
[ 20] bo    band_ratio=0.7941 false_corr_um=5.012  x=g=1.75, f_gate=6.3, f_gate_w=3.38, a_lo=2.3e-05, a_hi=0.000186, cap_k=2.28, v_slow=0.0395, harm=0.225, lp_hz=35, wmax_hz=13.6  (2.99 s)
[ 21] bo    band_ratio=0.7811 false_corr_um=0.9893  x=g=2.29, f_gate=5.28, f_gate_w=2.97, a_lo=7.41e-05, a_hi=0.000199, cap_k=5.23, v_slow=0.038, harm=0.278, lp_hz=43.1, wmax_hz=14.5  (3.11 s)
[ 22] bo    band_ratio=0.9001 false_corr_um=3.281  x=g=1.48, f_gate=7, f_gate_w=2.5, a_lo=9.62e-06, a_hi=0.000261, cap_k=4.09, v_slow=0.0109, harm=0.216, lp_hz=20, wmax_hz=12  (3.12 s)
[ 23] bo    band_ratio=0.7973 false_corr_um=0  x=g=2.31, f_gate=4.37, f_gate_w=0.5, a_lo=0.000122, a_hi=0.000178, cap_k=4.72, v_slow=0.0314, harm=0.231, lp_hz=35.4, wmax_hz=14  (2.99 s)
[ 24] bo    band_ratio=0.8849 false_corr_um=0.4996  x=g=1.98, f_gate=5.7, f_gate_w=0.586, a_lo=6.01e-05, a_hi=0.000418, cap_k=2.5, v_slow=0.018, harm=0.737, lp_hz=36.2, wmax_hz=12.8  (3.24 s)
[ 25] bo    band_ratio=0.6888 false_corr_um=29.1  x=g=2.57, f_gate=5.15, f_gate_w=2.45, a_lo=1.84e-05, a_hi=8.06e-05, cap_k=5.5, v_slow=0.0246, harm=0.719, lp_hz=73.3, wmax_hz=14.8  (3.19 s)
[ 26] bo    band_ratio=0.6852 false_corr_um=28.77  x=g=2.8, f_gate=3, f_gate_w=3.46, a_lo=2.87e-05, a_hi=7.57e-05, cap_k=5.45, v_slow=0.0219, harm=0.872, lp_hz=59.5, wmax_hz=16  (3.07 s)
[ 27] bo    band_ratio=0.7363 false_corr_um=10.21  x=g=2.5, f_gate=4.56, f_gate_w=2.9, a_lo=1.94e-05, a_hi=0.000188, cap_k=5.45, v_slow=0.0259, harm=0.375, lp_hz=50, wmax_hz=15.4  (3.51 s)
[ 28] bo    band_ratio=0.7265 false_corr_um=11.56  x=g=2.53, f_gate=3.61, f_gate_w=2.96, a_lo=2.24e-05, a_hi=0.000181, cap_k=6, v_slow=0.0246, harm=0.493, lp_hz=71.3, wmax_hz=16  (4.24 s)
[ 29] bo    band_ratio=0.7304 false_corr_um=12.93  x=g=2.33, f_gate=5.18, f_gate_w=2.78, a_lo=1.17e-05, a_hi=0.000182, cap_k=6, v_slow=0.0261, harm=0.572, lp_hz=48.6, wmax_hz=16  (3.72 s)
[ 30] bo    band_ratio=0.8027 false_corr_um=0  x=g=2.29, f_gate=6.08, f_gate_w=2.52, a_lo=0.000142, a_hi=0.000173, cap_k=5.1, v_slow=0.0287, harm=0.182, lp_hz=65.3, wmax_hz=14.2  (2.95 s)
[ 31] bo    band_ratio=0.7117 false_corr_um=16.86  x=g=2.46, f_gate=3, f_gate_w=1.5, a_lo=1.37e-05, a_hi=0.000147, cap_k=6, v_slow=0.0279, harm=0.586, lp_hz=45.7, wmax_hz=16  (2.9 s)
[ 32] bo    band_ratio=0.6897 false_corr_um=24.43  x=g=2.8, f_gate=3, f_gate_w=0.5, a_lo=1.06e-05, a_hi=0.000124, cap_k=6, v_slow=0.0321, harm=0.864, lp_hz=75, wmax_hz=16  (3.08 s)
[ 33] bo    band_ratio=0.7373 false_corr_um=10.96  x=g=2.27, f_gate=3.52, f_gate_w=4, a_lo=1.39e-05, a_hi=0.000188, cap_k=6, v_slow=0.0285, harm=0.402, lp_hz=75, wmax_hz=16  (3.05 s)
[ 34] bo    band_ratio=0.7597 false_corr_um=4.517  x=g=2.17, f_gate=3.29, f_gate_w=3.38, a_lo=4.09e-05, a_hi=0.000177, cap_k=6, v_slow=0.0287, harm=0.245, lp_hz=38.5, wmax_hz=15.7  (2.93 s)
[ 35] bo    band_ratio=0.9053 false_corr_um=0.5048  x=g=0.8, f_gate=4.5, f_gate_w=1.86, a_lo=4.91e-05, a_hi=0.000233, cap_k=3.47, v_slow=0.0379, harm=0.66, lp_hz=75, wmax_hz=12.5  (3.07 s)
[ 36] bo    band_ratio=0.7252 false_corr_um=10.04  x=g=2.53, f_gate=4.03, f_gate_w=4, a_lo=1.95e-05, a_hi=0.000181, cap_k=6, v_slow=0.0253, harm=0.689, lp_hz=60.6, wmax_hz=14  (3.09 s)
[ 37] bo    band_ratio=0.8 false_corr_um=1.181  x=g=1.92, f_gate=3.35, f_gate_w=4, a_lo=6.37e-05, a_hi=0.000174, cap_k=3.84, v_slow=0.0288, harm=0.247, lp_hz=24.5, wmax_hz=13.9  (2.97 s)
[ 38] bo    band_ratio=0.6811 false_corr_um=46.71  x=g=3, f_gate=3.53, f_gate_w=0.5, a_lo=1.43e-05, a_hi=6.15e-05, cap_k=6, v_slow=0.022, harm=0.993, lp_hz=75, wmax_hz=16  (3.09 s)
[ 39] bo    band_ratio=0.7163 false_corr_um=11.08  x=g=2.61, f_gate=3.68, f_gate_w=4, a_lo=1.59e-05, a_hi=0.000181, cap_k=5.21, v_slow=0.0376, harm=0.792, lp_hz=75, wmax_hz=13.5  (3.07 s)
[ 40] bo    band_ratio=0.7497 false_corr_um=7.432  x=g=2.44, f_gate=3.94, f_gate_w=3.27, a_lo=2.33e-05, a_hi=0.000192, cap_k=6, v_slow=0.032, harm=0.0617, lp_hz=60.8, wmax_hz=14.1  (2.98 s)
[ 41] bo    band_ratio=0.8897 false_corr_um=0.3817  x=g=1.88, f_gate=6.45, f_gate_w=2.45, a_lo=5.54e-05, a_hi=0.00019, cap_k=6, v_slow=0.0315, harm=0, lp_hz=20, wmax_hz=16  (3.22 s)
[ 42] bo    band_ratio=0.7892 false_corr_um=0.02305  x=g=2.36, f_gate=3, f_gate_w=3.4, a_lo=7.81e-05, a_hi=0.000184, cap_k=4.38, v_slow=0.0332, harm=0.0501, lp_hz=75, wmax_hz=14  (3.09 s)
[ 43] bo    band_ratio=0.8132 false_corr_um=3.839  x=g=2.4, f_gate=6.53, f_gate_w=1.91, a_lo=3.26e-05, a_hi=0.000208, cap_k=1.27, v_slow=0.0267, harm=0.216, lp_hz=67.3, wmax_hz=12  (2.98 s)
[ 44] bo    band_ratio=0.9114 false_corr_um=0  x=g=0.8, f_gate=3, f_gate_w=4, a_lo=9.09e-05, a_hi=0.000134, cap_k=6, v_slow=0.06, harm=0, lp_hz=75, wmax_hz=12  (3.01 s)
[ 45] bo    band_ratio=0.793 false_corr_um=0.8653  x=g=2.36, f_gate=3, f_gate_w=0.5, a_lo=9.44e-05, a_hi=0.000203, cap_k=6, v_slow=0.06, harm=1, lp_hz=71.7, wmax_hz=12  (3.19 s)
