== stage grid
[   19.9 s]   B r_rot 0.3 seed 200 done (24 rows)
[   40.2 s]   B r_rot 0.3 seed 201 done (48 rows)
[   59.8 s]   B r_rot 0.3 seed 202 done (72 rows)
[   81.3 s]   B r_rot 0.3 seed 203 done (96 rows)
[   88.1 s]   B r_rot 0.5 seed 200 done (120 rows)
[   95.9 s]   B r_rot 0.5 seed 201 done (144 rows)
[  104.0 s]   B r_rot 0.5 seed 202 done (168 rows)
[  111.3 s]   B r_rot 0.5 seed 203 done (192 rows)
[  118.8 s]   B r_rot 0.7 seed 200 done (216 rows)
[  127.0 s]   B r_rot 0.7 seed 201 done (240 rows)
[  134.4 s]   B r_rot 0.7 seed 202 done (264 rows)
[  142.4 s]   B r_rot 0.7 seed 203 done (288 rows)
[  144.3 s] tracker ship done
[  149.0 s]   B r_rot 0.3 seed 200 done (24 rows)
[  154.1 s]   B r_rot 0.3 seed 201 done (48 rows)
[  159.3 s]   B r_rot 0.3 seed 202 done (72 rows)
[  164.1 s]   B r_rot 0.3 seed 203 done (96 rows)
[  169.1 s]   B r_rot 0.5 seed 200 done (120 rows)
[  174.3 s]   B r_rot 0.5 seed 201 done (144 rows)
[  179.4 s]   B r_rot 0.5 seed 202 done (168 rows)
[  184.3 s]   B r_rot 0.5 seed 203 done (192 rows)
[  189.1 s]   B r_rot 0.7 seed 200 done (216 rows)
[  194.3 s]   B r_rot 0.7 seed 201 done (240 rows)
[  199.4 s]   B r_rot 0.7 seed 202 done (264 rows)
[  204.2 s]   B r_rot 0.7 seed 203 done (288 rows)
[  205.4 s] tracker revh done
[  212.6 s]   A seed 200 done
[  219.8 s]   A seed 201 done
[  226.8 s]   A seed 202 done
[  233.8 s]   A seed 203 done
== stage grid done in 233.9 s
