=== stage h1check
h1check: r_rot 0.5, 40 cases
  H1 check seed 200 4 Hz 0.3 mm trans: unmod +0.003, oracle 0.077/0.075, akf 1.004/1.006  (46 s)
  H1 check seed 200 4 Hz 1 mm trans: unmod +0.003, oracle 0.078/0.076, akf 1.000/1.001  (80 s)
  H1 check seed 200 4 Hz 2 mm trans: unmod -0.000, oracle 0.091/0.089, akf 1.003/1.004  (114 s)
  H1 check seed 200 8 Hz 0.3 mm trans: unmod +0.000, oracle 0.100/0.098, akf 0.943/0.934  (147 s)
  H1 check seed 200 8 Hz 1 mm trans: unmod +0.001, oracle 0.129/0.135, akf 0.776/0.764  (181 s)
  H1 check seed 200 8 Hz 2 mm trans: unmod -0.004, oracle 0.163/0.159, akf 0.725/0.662  (215 s)
  H1 check seed 200 12 Hz 0.3 mm trans: unmod -0.004, oracle 0.107/0.111, akf 0.904/0.900  (249 s)
  H1 check seed 200 12 Hz 1 mm trans: unmod -0.013, oracle 0.218/0.249, akf 0.669/0.680  (285 s)
  H1 check seed 200 12 Hz 2 mm trans: unmod -0.003, oracle 0.238/0.251, akf 0.574/0.576  (319 s)
  H1 check seed 201 4 Hz 0.3 mm trans: unmod +0.006, oracle 0.090/0.090, akf 1.008/1.000  (365 s)
  H1 check seed 201 4 Hz 1 mm trans: unmod +0.005, oracle 0.086/0.083, akf 1.000/1.000  (399 s)
  H1 check seed 201 4 Hz 2 mm trans: unmod +0.002, oracle 0.094/0.094, akf 1.001/1.000  (436 s)
  H1 check seed 201 8 Hz 0.3 mm trans: unmod -0.004, oracle 0.087/0.085, akf 0.957/0.999  (471 s)
  H1 check seed 201 8 Hz 1 mm trans: unmod +0.005, oracle 0.108/0.110, akf 0.827/0.856  (505 s)
  H1 check seed 201 8 Hz 2 mm trans: unmod -0.002, oracle 0.143/0.155, akf 0.750/1.054  (540 s)
  H1 check seed 201 12 Hz 0.3 mm trans: unmod -0.015, oracle 0.083/0.085, akf 0.978/0.967  (573 s)
  H1 check seed 201 12 Hz 1 mm trans: unmod -0.007, oracle 0.180/0.198, akf 0.759/0.759  (610 s)
  H1 check seed 201 12 Hz 2 mm trans: unmod -0.012, oracle 0.235/0.264, akf 0.631/0.640  (644 s)
  H1 check seed 202 4 Hz 0.3 mm trans: unmod +0.006, oracle 0.096/0.097, akf 1.005/1.000  (691 s)
  H1 check seed 202 4 Hz 1 mm trans: unmod +0.004, oracle 0.101/0.099, akf 1.001/1.001  (730 s)
  H1 check seed 202 4 Hz 2 mm trans: unmod +0.001, oracle 0.108/0.107, akf 1.005/1.001  (764 s)
  H1 check seed 202 8 Hz 0.3 mm trans: unmod -0.003, oracle 0.105/0.104, akf 0.966/0.998  (806 s)
  H1 check seed 202 8 Hz 1 mm trans: unmod +0.004, oracle 0.125/0.128, akf 0.803/0.823  (847 s)
  H1 check seed 202 8 Hz 2 mm trans: unmod -0.003, oracle 0.157/0.169, akf 0.738/0.702  (891 s)
  H1 check seed 202 12 Hz 0.3 mm trans: unmod -0.005, oracle 0.106/0.111, akf 0.945/0.954  (942 s)
  H1 check seed 202 12 Hz 1 mm trans: unmod -0.011, oracle 0.199/0.225, akf 0.761/0.772  (998 s)
  H1 check seed 202 12 Hz 2 mm trans: unmod -0.015, oracle 0.244/0.281, akf 0.676/0.705  (1046 s)
  H1 check seed 203 4 Hz 0.3 mm trans: unmod +0.007, oracle 0.083/0.082, akf 0.999/0.999  (1107 s)
  H1 check seed 203 4 Hz 1 mm trans: unmod +0.003, oracle 0.083/0.081, akf 1.003/1.002  (1149 s)
  H1 check seed 203 4 Hz 2 mm trans: unmod -0.000, oracle 0.092/0.096, akf 1.007/1.004  (1187 s)
  H1 check seed 203 8 Hz 0.3 mm trans: unmod +0.003, oracle 0.099/0.098, akf 0.946/0.946  (1223 s)
  H1 check seed 203 8 Hz 1 mm trans: unmod +0.002, oracle 0.131/0.137, akf 0.789/0.801  (1259 s)
  H1 check seed 203 8 Hz 2 mm trans: unmod -0.005, oracle 0.169/0.171, akf 0.680/0.658  (1301 s)
  H1 check seed 203 12 Hz 0.3 mm trans: unmod -0.005, oracle 0.102/0.106, akf 0.903/0.912  (1361 s)
  H1 check seed 203 12 Hz 1 mm trans: unmod -0.011, oracle 0.220/0.252, akf 0.755/0.774  (1416 s)
  H1 check seed 203 12 Hz 2 mm trans: unmod -0.015, oracle 0.243/0.265, akf 0.701/0.671  (1471 s)
  H1 check seed 200 8 Hz 1 mm wrist: unmod +0.001, oracle 0.123/0.123, akf 0.797/0.782  (1537 s)
  H1 check seed 201 8 Hz 1 mm wrist: unmod +0.003, oracle 0.123/0.123, akf 0.794/0.820  (1599 s)
  H1 check seed 202 8 Hz 1 mm wrist: unmod +0.002, oracle 0.142/0.142, akf 0.756/0.777  (1673 s)
  H1 check seed 203 8 Hz 1 mm wrist: unmod +0.001, oracle 0.127/0.127, akf 0.789/0.854  (1748 s)
h1check: r_rot 0.3, 8 cases
  H1 check seed 200 8 Hz 1 mm trans: unmod +0.000, oracle 0.132/0.137, akf 0.743/0.743  (58 s)
  H1 check seed 200 8 Hz 2 mm trans: unmod -0.004, oracle 0.161/0.145, akf 0.712/0.642  (112 s)
  H1 check seed 200 12 Hz 1 mm trans: unmod -0.009, oracle 0.199/0.210, akf 0.592/0.595  (158 s)
  H1 check seed 200 12 Hz 2 mm trans: unmod -0.003, oracle 0.234/0.204, akf 0.459/0.434  (203 s)
  H1 check seed 201 8 Hz 1 mm trans: unmod +0.003, oracle 0.116/0.117, akf 0.794/0.832  (271 s)
  H1 check seed 201 8 Hz 2 mm trans: unmod -0.003, oracle 0.145/0.152, akf 0.733/0.771  (336 s)
  H1 check seed 201 12 Hz 1 mm trans: unmod -0.004, oracle 0.172/0.178, akf 0.687/0.693  (386 s)
  H1 check seed 201 12 Hz 2 mm trans: unmod -0.011, oracle 0.219/0.222, akf 0.542/0.538  (439 s)
h1check: r_rot 0.7, 8 cases
  H1 check seed 200 8 Hz 1 mm trans: unmod +0.001, oracle 0.125/0.131, akf 0.794/0.782  (61 s)
  H1 check seed 200 8 Hz 2 mm trans: unmod -0.007, oracle 0.162/0.169, akf 0.719/0.671  (121 s)
  H1 check seed 200 12 Hz 1 mm trans: unmod -0.001, oracle 0.218/0.236, akf 0.683/0.689  (174 s)
  H1 check seed 200 12 Hz 2 mm trans: unmod +0.031, oracle 0.200/0.194, akf 0.674/0.703  (210 s)
  H1 check seed 201 8 Hz 1 mm trans: unmod +0.007, oracle 0.100/0.100, akf 0.852/0.998  (259 s)
  H1 check seed 201 8 Hz 2 mm trans: unmod -0.003, oracle 0.139/0.152, akf 0.770/1.042  (307 s)
  H1 check seed 201 12 Hz 1 mm trans: unmod +0.003, oracle 0.186/0.205, akf 0.816/0.823  (357 s)
  H1 check seed 201 12 Hz 2 mm trans: unmod -0.022, oracle 0.223/0.243, akf 0.670/0.695  (403 s)
=== stage h1check done in 2591 s
all done in 2591 s
