=== stage h1check
h1check: r_rot 0.5, 40 cases
  H1 check seed 200 4 Hz 0.3 mm trans: unmod +0.003, oracle 0.077/0.075, akf 1.004/1.006  (60 s)
  H1 check seed 200 4 Hz 1 mm trans: unmod +0.003, oracle 0.078/0.077, akf 1.000/1.001  (83 s)
  H1 check seed 200 4 Hz 2 mm trans: unmod -0.000, oracle 0.091/0.090, akf 1.003/1.004  (100 s)
  H1 check seed 200 8 Hz 0.3 mm trans: unmod -0.000, oracle 0.100/0.099, akf 0.943/0.934  (116 s)
  H1 check seed 200 8 Hz 1 mm trans: unmod +0.001, oracle 0.129/0.136, akf 0.776/0.764  (130 s)
  H1 check seed 200 8 Hz 2 mm trans: unmod -0.004, oracle 0.163/0.160, akf 0.725/0.661  (144 s)
  H1 check seed 200 12 Hz 0.3 mm trans: unmod -0.004, oracle 0.107/0.112, akf 0.904/0.900  (157 s)
  H1 check seed 200 12 Hz 1 mm trans: unmod -0.013, oracle 0.218/0.251, akf 0.669/0.681  (170 s)
  H1 check seed 200 12 Hz 2 mm trans: unmod -0.003, oracle 0.238/0.253, akf 0.574/0.577  (183 s)
  H1 check seed 201 4 Hz 0.3 mm trans: unmod +0.006, oracle 0.090/0.090, akf 1.008/1.000  (199 s)
  H1 check seed 201 4 Hz 1 mm trans: unmod +0.005, oracle 0.086/0.084, akf 1.000/1.000  (212 s)
  H1 check seed 201 4 Hz 2 mm trans: unmod +0.002, oracle 0.094/0.094, akf 1.001/1.000  (224 s)
  H1 check seed 201 8 Hz 0.3 mm trans: unmod -0.005, oracle 0.087/0.086, akf 0.957/0.999  (237 s)
  H1 check seed 201 8 Hz 1 mm trans: unmod +0.005, oracle 0.108/0.111, akf 0.827/0.856  (249 s)
  H1 check seed 201 8 Hz 2 mm trans: unmod -0.002, oracle 0.143/0.156, akf 0.750/1.054  (262 s)
  H1 check seed 201 12 Hz 0.3 mm trans: unmod -0.015, oracle 0.083/0.086, akf 0.978/0.967  (274 s)
  H1 check seed 201 12 Hz 1 mm trans: unmod -0.007, oracle 0.180/0.200, akf 0.759/0.759  (286 s)
  H1 check seed 201 12 Hz 2 mm trans: unmod -0.012, oracle 0.235/0.267, akf 0.631/0.641  (299 s)
  H1 check seed 202 4 Hz 0.3 mm trans: unmod +0.006, oracle 0.096/0.098, akf 1.005/1.000  (315 s)
  H1 check seed 202 4 Hz 1 mm trans: unmod +0.004, oracle 0.101/0.099, akf 1.001/1.001  (327 s)
  H1 check seed 202 4 Hz 2 mm trans: unmod +0.001, oracle 0.108/0.107, akf 1.005/1.001  (340 s)
  H1 check seed 202 8 Hz 0.3 mm trans: unmod -0.003, oracle 0.105/0.105, akf 0.966/0.998  (353 s)
  H1 check seed 202 8 Hz 1 mm trans: unmod +0.004, oracle 0.125/0.129, akf 0.803/0.825  (366 s)
  H1 check seed 202 8 Hz 2 mm trans: unmod -0.003, oracle 0.157/0.171, akf 0.738/0.702  (379 s)
  H1 check seed 202 12 Hz 0.3 mm trans: unmod -0.005, oracle 0.106/0.112, akf 0.945/0.954  (393 s)
  H1 check seed 202 12 Hz 1 mm trans: unmod -0.010, oracle 0.199/0.227, akf 0.761/0.773  (405 s)
  H1 check seed 202 12 Hz 2 mm trans: unmod -0.015, oracle 0.244/0.284, akf 0.676/0.706  (418 s)
  H1 check seed 203 4 Hz 0.3 mm trans: unmod +0.006, oracle 0.083/0.082, akf 0.999/0.999  (435 s)
  H1 check seed 203 4 Hz 1 mm trans: unmod +0.003, oracle 0.083/0.081, akf 1.003/1.002  (448 s)
  H1 check seed 203 4 Hz 2 mm trans: unmod -0.000, oracle 0.092/0.097, akf 1.007/1.004  (461 s)
  H1 check seed 203 8 Hz 0.3 mm trans: unmod +0.002, oracle 0.099/0.099, akf 0.946/0.968  (474 s)
  H1 check seed 203 8 Hz 1 mm trans: unmod +0.002, oracle 0.131/0.138, akf 0.789/0.801  (486 s)
  H1 check seed 203 8 Hz 2 mm trans: unmod -0.005, oracle 0.169/0.172, akf 0.680/0.658  (499 s)
  H1 check seed 203 12 Hz 0.3 mm trans: unmod -0.005, oracle 0.102/0.107, akf 0.903/0.912  (511 s)
  H1 check seed 203 12 Hz 1 mm trans: unmod -0.011, oracle 0.220/0.254, akf 0.755/0.775  (524 s)
  H1 check seed 203 12 Hz 2 mm trans: unmod -0.015, oracle 0.243/0.267, akf 0.701/0.672  (536 s)
