{
 "distortion_um": {
  "kf_bal": 101.22108028219304,
  "kf_asr": 101.22108028219304,
  "bpf": 167.60458730105896
 },
 "mc": {
  "oracle_ratio": {
   "median": 0.4586879325869798,
   "p10": 0.11462911702314757,
   "p90": 0.997361104036506,
   "n_valid": 160,
   "n_invalid": 0
  },
  "kf_asr_ratio": {
   "median": 0.9091224399450885,
   "p10": 0.5915658964279241,
   "p90": 1.5280432374386108,
   "n_valid": 160,
   "n_invalid": 0
  },
  "P_cu_neutral_W": {
   "median": 0.18416409894570485,
   "p10": 0.02104747564970653,
   "p90": 1.0100261127963506,
   "n_valid": 160,
   "n_invalid": 0
  },
  "T_coil_max_C": {
   "median": 28.097813162428306,
   "p10": 25.34794781169666,
   "p90": 43.58577026822103,
   "n_valid": 160,
   "n_invalid": 0
  },
  "oracle_Nmod": {
   "median": 0.06716806138155743,
   "p10": 0.018756910566245125,
   "p90": 0.13713631873490695,
   "n_valid": 160,
   "n_invalid": 0
  },
  "oracle_near_limit": {
   "median": 0.06695772845435913,
   "p10": 0.0,
   "p90": 0.6765092368645875,
   "n_valid": 160,
   "n_invalid": 0
  },
  "frac_vsat_neutral": {
   "median": 0.0,
   "p10": 0.0,
   "p90": 0.09104686177615035,
   "n_valid": 160,
   "n_invalid": 0
  },
  "neutral_transitions_per_s": {
   "median": 1.4001400140014,
   "p10": 0.8000800080008,
   "p90": 2.6002600260026,
   "n_valid": 160,
   "n_invalid": 0
  }
 },
 "failures": {
  "reference_kf_asr": {
   "e_rms_um": 301.6157194009323
  },
  "F1_optical_dropout_0p3s": {
   "e_rms_um": 329.06251250844895,
   "authority_min_during": 0.0024762503232863176,
   "authority_after_1s": 0.9911221396238997
  },
  "F2_vbat_3.3": {
   "e_rms_um": 298.14476903234663,
   "frac_vsat": 0.10833657209483094
  },
  "F2_vbat_3.0": {
   "e_rms_um": 292.0664830858436,
   "frac_vsat": 0.18140303148076176
  },
  "F2_vbat_2.8": {
   "e_rms_um": 299.1320151504478,
   "frac_vsat": 0.23664789279471743
  },
  "F3_power_loss_in_contact": {
   "ink_jump_max_um_50ms": 785.2638554127615,
   "frac_stop_after": 0.8752542372881356
  },
  "F4_stage_sensor_frozen": {
   "ink_jump_max_um_50ms": 561.7627881536254,
   "frac_stop_after": 0.9996610169491525,
   "i_peak_after_A": 0.5546868638192755
  },
  "F5_overload_2N_35deg": {
   "e_rms_um": 759.2372017327723,
   "i_peak_A": 0.569071395699794,
   "P_cu_mean_W": 1.5530792284122878,
   "T_coil_max_C": 58.54705071458419,
   "frac_stop": 0.9652757793764988
  },
  "F6_blocked_stage_0p1mm": {
   "e_rms_um": 412.19460704730153,
   "frac_stop": 0.5537326473157946,
   "i_peak_A": 0.5559250447831896
  },
  "F7_optical_noise_30um": {
   "e_rms_um": 432.51040603287225
  }
 }
}
kf_bal@4 {'mean': 1.144, 'p10': 1.0, 'p90': 1.359}
kf_bal@5 {'mean': 1.104, 'p10': 1.0, 'p90': 1.251}
kf_bal@6 {'mean': 1.073, 'p10': 0.991, 'p90': 1.272}
kf_bal@7 {'mean': 1.075, 'p10': 0.954, 'p90': 1.267}
kf_bal@8 {'mean': 1.08, 'p10': 0.794, 'p90': 1.603}
kf_bal@9 {'mean': 1.026, 'p10': 0.698, 'p90': 1.599}
kf_bal@10 {'mean': 0.968, 'p10': 0.654, 'p90': 1.405}
kf_bal@11 {'mean': 0.902, 'p10': 0.618, 'p90': 1.201}
kf_bal@12 {'mean': 0.85, 'p10': 0.615, 'p90': 1.035}
kf_asr@4 {'mean': 1.144, 'p10': 1.0, 'p90': 1.359}
kf_asr@5 {'mean': 1.104, 'p10': 1.0, 'p90': 1.251}
kf_asr@6 {'mean': 1.073, 'p10': 0.991, 'p90': 1.272}
kf_asr@7 {'mean': 1.075, 'p10': 0.954, 'p90': 1.267}
kf_asr@8 {'mean': 1.08, 'p10': 0.794, 'p90': 1.603}
kf_asr@9 {'mean': 1.026, 'p10': 0.698, 'p90': 1.599}
kf_asr@10 {'mean': 0.968, 'p10': 0.654, 'p90': 1.405}
kf_asr@11 {'mean': 0.902, 'p10': 0.618, 'p90': 1.201}
kf_asr@12 {'mean': 0.85, 'p10': 0.615, 'p90': 1.035}
bpf@4 {'mean': 1.491, 'p10': 1.063, 'p90': 2.079}
bpf@5 {'mean': 1.452, 'p10': 1.062, 'p90': 1.897}
bpf@6 {'mean': 1.318, 'p10': 0.966, 'p90': 1.759}
bpf@7 {'mean': 1.121, 'p10': 0.805, 'p90': 1.687}
bpf@8 {'mean': 0.864, 'p10': 0.571, 'p90': 1.281}
bpf@9 {'mean': 0.754, 'p10': 0.509, 'p90': 1.149}
bpf@10 {'mean': 0.869, 'p10': 0.649, 'p90': 1.215}
bpf@11 {'mean': 1.008, 'p10': 0.793, 'p90': 1.357}
bpf@12 {'mean': 1.098, 'p10': 0.91, 'p90': 1.384}
oracle@4 {'mean': 0.236, 'p10': 0.135, 'p90': 0.391}
oracle@5 {'mean': 0.216, 'p10': 0.13, 'p90': 0.374}
oracle@6 {'mean': 0.227, 'p10': 0.114, 'p90': 0.402}
oracle@7 {'mean': 0.233, 'p10': 0.106, 'p90': 0.459}
oracle@8 {'mean': 0.258, 'p10': 0.101, 'p90': 0.507}
oracle@9 {'mean': 0.275, 'p10': 0.085, 'p90': 0.54}
oracle@10 {'mean': 0.291, 'p10': 0.064, 'p90': 0.558}
oracle@11 {'mean': 0.305, 'p10': 0.057, 'p90': 0.576}
oracle@12 {'mean': 0.318, 'p10': 0.051, 'p90': 0.581}
