[  48.4s] end-cap L_s 15.0 mm (45.0 g) split 0.3: further reduction   6.0 %
[  61.2s] end-cap L_s 15.0 mm (45.0 g) split 0.5: further reduction  20.2 %
[  75.8s] end-cap L_s 15.0 mm (45.0 g) split 0.7: further reduction  19.2 %
[  89.4s] end-cap L_s 11.0 mm (36.3 g) split 0.3: further reduction   4.5 %
[ 103.1s] end-cap L_s 11.0 mm (36.3 g) split 0.5: further reduction  19.4 %
[ 116.9s] end-cap L_s 11.0 mm (36.3 g) split 0.7: further reduction  18.5 %
[ 131.5s] end-cap L_s  9.0 mm (31.6 g) split 0.3: further reduction   4.0 %
[ 145.1s] end-cap L_s  9.0 mm (31.6 g) split 0.5: further reduction  18.6 %
[ 158.2s] end-cap L_s  9.0 mm (31.6 g) split 0.7: further reduction  18.9 %
[ 171.4s] end-cap L_s  7.5 mm (28.0 g) split 0.3: further reduction   3.7 %
[ 184.6s] end-cap L_s  7.5 mm (28.0 g) split 0.5: further reduction  17.7 %
[ 197.8s] end-cap L_s  7.5 mm (28.0 g) split 0.7: further reduction  18.1 %
[ 211.3s] end-cap L_s  6.0 mm (24.4 g) split 0.3: further reduction   3.3 %
[ 225.7s] end-cap L_s  6.0 mm (24.4 g) split 0.5: further reduction  16.3 %
[ 241.2s] end-cap L_s  6.0 mm (24.4 g) split 0.7: further reduction  16.9 %
[ 258.3s] end-cap L_s  5.0 mm (22.0 g) split 0.3: further reduction   3.1 %
[ 273.7s] end-cap L_s  5.0 mm (22.0 g) split 0.5: further reduction  15.2 %
[ 287.4s] end-cap L_s  5.0 mm (22.0 g) split 0.7: further reduction  15.7 %
{
 "L_s_mm": 14.98,
 "fallback_L_s_mm": null,
 "mass_g": 44.9961681400344,
 "rule": "lightest member with tuning further reduction (8-12 Hz x 1-2 mm) >= 12 % at split 0.5 and >= 6 % at splits 0.3 and 0.7 (R-T1's 10 % / 5 % plus a 2-point / 1-point allowance for tuning-to-test shrinkage)"
}
[  85.4s] test L_s 14.98 mm split 0.3: 60 rows
[ 162.8s] test L_s 14.98 mm split 0.5: 120 rows
[ 241.5s] test L_s 14.98 mm split 0.7: 180 rows
{
 "lrm_14.98": {
  "pass": true,
  "r0.3": 0.07959640791372578,
  "r0.5": 0.18226696073128487,
  "r0.7": 0.19506814533027514,
  "any_split_worse_on_average": false,
  "P_avg_W": 0.14464910580970067,
  "P_act_W_mean_SIM": 0.028940766312347942,
  "mass_g": 44.9961681400344
 }
}
